Copyright 1986-2022 Xilinx, Inc. All Rights Reserved. Copyright 2022-2025 Advanced Micro Devices, Inc. All Rights Reserved.
-----------------------------------------------------------------------------------------------------------------------------------------------------------------
| Tool Version : Vivado v.2025.2 (win64) Build 6299465 Fri Nov 14 19:35:11 GMT 2025
| Date         : Fri Jun 19 19:03:07 2026
| Host         : DESKTOP-AQLK3PK running 64-bit major release  (build 9200)
| Command      : report_methodology -file top_level_methodology_drc_routed.rpt -pb top_level_methodology_drc_routed.pb -rpx top_level_methodology_drc_routed.rpx
| Design       : top_level
| Device       : xc7a35tcpg236-1
| Speed File   : -1
| Design State : Fully Routed
-----------------------------------------------------------------------------------------------------------------------------------------------------------------

Report Methodology

Table of Contents
-----------------
1. REPORT SUMMARY
2. REPORT DETAILS

1. REPORT SUMMARY
-----------------
            Netlist: netlist
          Floorplan: design_1
      Design limits: <entire design considered>
             Max checks: <unlimited>
             Checks found: 1
+---------+----------+------------------------------+--------+
| Rule    | Severity | Description                  | Checks |
+---------+----------+------------------------------+--------+
| LUTAR-1 | Warning  | LUT drives async reset alert | 1      |
+---------+----------+------------------------------+--------+

2. REPORT DETAILS
-----------------
LUTAR-1#1 Warning
LUT drives async reset alert  
LUT cell u_debug/pc[31]_i_1, with 2 or more inputs, drives asynchronous preset/clear pin(s) u_pipeline/u_mem_wb_latch/wb_read_data_reg[25]/CLR,
u_pipeline/u_mem_wb_latch/wb_read_data_reg[26]/CLR,
u_pipeline/u_mem_wb_latch/wb_read_data_reg[27]/CLR,
u_pipeline/u_mem_wb_latch/wb_read_data_reg[28]/CLR,
u_pipeline/u_mem_wb_latch/wb_read_data_reg[29]/CLR,
u_pipeline/u_mem_wb_latch/wb_read_data_reg[2]/CLR,
u_pipeline/u_mem_wb_latch/wb_read_data_reg[30]/CLR,
u_pipeline/u_mem_wb_latch/wb_read_data_reg[31]/CLR,
u_pipeline/u_mem_wb_latch/wb_read_data_reg[3]/CLR,
u_pipeline/u_mem_wb_latch/wb_read_data_reg[4]/CLR,
u_pipeline/u_mem_wb_latch/wb_read_data_reg[5]/CLR,
u_pipeline/u_mem_wb_latch/wb_read_data_reg[6]/CLR,
u_pipeline/u_mem_wb_latch/wb_read_data_reg[7]/CLR,
u_pipeline/u_mem_wb_latch/wb_read_data_reg[8]/CLR,
u_pipeline/u_mem_wb_latch/wb_read_data_reg[9]/CLR
 (the first 15 of 105 listed). The LUT may glitch and trigger an unexpected reset, even if it is a properly timed path.
Related violations: <none>


